[ner.netlify.com/demo-particles.html]
[backblue.gif]
[fade.gif]
[index.html]
[ner.netlify.com/css/plugins.css]
[ner.netlify.com/css/style.css]
[ner.netlify.com/css/responsive.css]
[ner.netlify.com/img/logo-2.png]
[ner.netlify.com/img/hero-about.jpg]
[ner.netlify.com/img/portfolio/1.jpg]
[ner.netlify.com/img/portfolio/2.jpg]
[ner.netlify.com/img/portfolio/3.jpg]
[ner.netlify.com/img/portfolio/4.jpg]
[ner.netlify.com/img/portfolio/5.jpg]
[ner.netlify.com/img/portfolio/6.jpg]
[ner.netlify.com/img/testimonial/01.jpg]
[ner.netlify.com/img/testimonial/02.jpg]
[ner.netlify.com/img/testimonial/03.jpg]
[ner.netlify.com/img/blog/1.jpg]
[ner.netlify.com/img/blog/2.jpg]
[ner.netlify.com/img/blog/3.jpg]
[ner.netlify.com/js/jquery-3.1.1.min.js]
[ner.netlify.com/js/Migrate.js]
[ner.netlify.com/js/popper.min.js]
[ner.netlify.com/js/bootstrap.min.js]
[ner.netlify.com/js/owl.carousel.min.js]
[ner.netlify.com/js/scrollIt.min.js]
[ner.netlify.com/js/typed.js]
[ner.netlify.com/js/jquery.fancybox.min.js]
[ner.netlify.com/js/isotope.pkgd.min.js]
[ner.netlify.com/js/particles.js]
[ner.netlify.com/js/app.js]
[ner.netlify.com/js/validator.js]
[ner.netlify.com/js/custom.js]
[ner.netlify.com/demo-particles.html]
[ner.netlify.com/css/plugins/bootstrap.min.css]
[ner.netlify.com/css/plugins/fontawesome-all.min.css]
[ner.netlify.com/css/plugins/jam-icons.min.css]
[ner.netlify.com/css/plugins/owl.carousel.min.css]
[ner.netlify.com/css/plugins/owl.theme.default.min.css]
[ner.netlify.com/css/plugins/jquery.fancybox.min.css]
[ner.netlify.com/css/plugins/animate.css]
[ner.netlify.com/css/plugins/helpers.css]
[ner.netlify.com/css/plugins.css]
[ner.netlify.com/css/style.css]
[ner.netlify.com/css/responsive.css]
[ner.netlify.com/css/plugins/bootstrap.min.css]
[ner.netlify.com/fonts/fa-brands-400.eot]
[ner.netlify.com/fonts/fa-brands-400.woff2]
[ner.netlify.com/fonts/fa-brands-400d41d.eot]
[ner.netlify.com/fonts/fa-brands-400.woff]
[ner.netlify.com/fonts/fa-brands-400.ttf]
[ner.netlify.com/fonts/fa-regular-400.eot]
[ner.netlify.com/fonts/fa-regular-400d41d.eot]
[ner.netlify.com/fonts/fa-regular-400.woff2]
[ner.netlify.com/fonts/fa-regular-400.woff]
[ner.netlify.com/fonts/fa-regular-400.ttf]
[ner.netlify.com/fonts/fa-solid-900.eot]
[ner.netlify.com/fonts/fa-solid-900.woff2]
[ner.netlify.com/fonts/fa-solid-900d41d.eot]
[ner.netlify.com/fonts/fa-solid-900.ttf]
[ner.netlify.com/fonts/fa-solid-900.woff]
[ner.netlify.com/css/plugins/fontawesome-all.min.css]
[ner.netlify.com/fonts/jam-icons.eot]
[ner.netlify.com/fonts/jam-iconsd41d.eot]
[ner.netlify.com/fonts/jam-icons.woff]
[ner.netlify.com/fonts/jam-icons.ttf]
[ner.netlify.com/css/plugins/jam-icons.min.css]
[ner.netlify.com/css/plugins/owl.carousel.min.css]
[ner.netlify.com/css/plugins/owl.theme.default.min.css]
[ner.netlify.com/css/plugins/jquery.fancybox.min.css]
[ner.netlify.com/css/plugins/animate.css]
[ner.netlify.com/css/plugins/helpers.css]
[ner.netlify.com/fonts/fa-brands-400.html]
[ner.netlify.com/fonts/fa-regular-400.html]
[ner.netlify.com/fonts/fa-solid-900.html]
[ner.netlify.com/fonts/jam-icons.html]
[ner.netlify.com/css/plugins/owl.video.play.html]
